mode: set
github.com/ivannovak/aura/pkg/logger/logger.go:34.23,36.19 2 1
github.com/ivannovak/aura/pkg/logger/logger.go:37.18,38.26 1 1
github.com/ivannovak/aura/pkg/logger/logger.go:39.17,40.25 1 1
github.com/ivannovak/aura/pkg/logger/logger.go:41.17,42.25 1 1
github.com/ivannovak/aura/pkg/logger/logger.go:43.18,44.26 1 1
github.com/ivannovak/aura/pkg/logger/logger.go:45.10,46.25 1 0
github.com/ivannovak/aura/pkg/logger/logger.go:49.2,54.26 3 1
github.com/ivannovak/aura/pkg/logger/logger.go:54.26,56.3 1 1
github.com/ivannovak/aura/pkg/logger/logger.go:56.8,58.3 1 1
github.com/ivannovak/aura/pkg/logger/logger.go:60.2,60.25 1 1
github.com/ivannovak/aura/pkg/logger/logger.go:64.13,65.16 1 1
github.com/ivannovak/aura/pkg/logger/logger.go:65.16,71.3 1 1
github.com/ivannovak/aura/pkg/logger/logger.go:75.36,77.2 1 1
github.com/ivannovak/aura/pkg/logger/logger.go:79.37,81.2 1 1
github.com/ivannovak/aura/pkg/logger/logger.go:83.36,85.2 1 1
github.com/ivannovak/aura/pkg/logger/logger.go:87.37,89.2 1 1
github.com/ivannovak/aura/pkg/logger/logger.go:91.37,94.2 2 0
github.com/ivannovak/aura/pkg/version/version.go:15.27,18.2 1 1
github.com/ivannovak/aura/cmd/aura/main.go:94.13,96.31 1 1
github.com/ivannovak/aura/cmd/aura/main.go:96.31,116.3 2 0
github.com/ivannovak/aura/cmd/aura/main.go:119.2,120.16 2 1
github.com/ivannovak/aura/cmd/aura/main.go:120.16,123.3 2 0
github.com/ivannovak/aura/cmd/aura/main.go:124.2,124.40 1 1
github.com/ivannovak/aura/cmd/aura/main.go:142.35,145.16 2 1
github.com/ivannovak/aura/cmd/aura/main.go:145.16,148.22 2 1
github.com/ivannovak/aura/cmd/aura/main.go:148.22,150.53 2 1
github.com/ivannovak/aura/cmd/aura/main.go:150.53,153.5 2 1
github.com/ivannovak/aura/cmd/aura/main.go:155.4,156.53 2 1
github.com/ivannovak/aura/cmd/aura/main.go:156.53,159.5 2 1
github.com/ivannovak/aura/cmd/aura/main.go:163.2,163.18 1 1
github.com/ivannovak/aura/cmd/aura/main.go:163.18,165.47 2 1
github.com/ivannovak/aura/cmd/aura/main.go:165.47,167.4 1 0
github.com/ivannovak/aura/cmd/aura/main.go:170.2,170.67 1 1
github.com/ivannovak/aura/cmd/aura/main.go:177.54,185.62 5 1
github.com/ivannovak/aura/cmd/aura/main.go:185.62,187.4 1 0
github.com/ivannovak/aura/cmd/aura/main.go:188.3,192.39 3 1
github.com/ivannovak/aura/cmd/aura/main.go:192.39,195.4 2 0
github.com/ivannovak/aura/cmd/aura/main.go:196.3,201.83 4 1
github.com/ivannovak/aura/cmd/aura/main.go:201.83,204.4 2 1
github.com/ivannovak/aura/cmd/aura/main.go:205.3,212.13 7 0
github.com/ivannovak/aura/cmd/aura/main.go:219.54,223.83 3 1
github.com/ivannovak/aura/cmd/aura/main.go:223.83,225.4 1 0
github.com/ivannovak/aura/cmd/aura/main.go:227.3,230.13 4 1
github.com/ivannovak/aura/cmd/aura/main.go:237.54,241.79 3 1
github.com/ivannovak/aura/cmd/aura/main.go:241.79,243.4 1 0
github.com/ivannovak/aura/cmd/aura/main.go:245.3,247.13 3 1
github.com/ivannovak/aura/cmd/aura/main.go:255.54,257.42 2 1
github.com/ivannovak/aura/cmd/aura/main.go:257.42,259.4 1 1
github.com/ivannovak/aura/cmd/aura/main.go:261.3,262.48 2 1
github.com/ivannovak/aura/cmd/aura/main.go:262.48,264.4 1 1
github.com/ivannovak/aura/cmd/aura/main.go:266.3,270.64 4 0
github.com/ivannovak/aura/cmd/aura/main.go:270.64,272.4 1 0
github.com/ivannovak/aura/cmd/aura/main.go:274.3,276.13 3 0
github.com/ivannovak/aura/cmd/aura/main.go:283.54,290.17 5 1
github.com/ivannovak/aura/cmd/aura/main.go:290.17,294.4 3 0
github.com/ivannovak/aura/cmd/aura/main.go:296.3,296.22 1 1
github.com/ivannovak/aura/cmd/aura/main.go:296.22,307.32 5 1
github.com/ivannovak/aura/cmd/aura/main.go:307.32,309.34 2 0
github.com/ivannovak/aura/cmd/aura/main.go:309.34,314.6 4 0
github.com/ivannovak/aura/cmd/aura/main.go:316.9,320.4 3 0
github.com/ivannovak/aura/cmd/aura/main.go:321.3,321.13 1 1
github.com/ivannovak/aura/cmd/aura/main.go:328.54,332.13 3 1
github.com/ivannovak/aura/cmd/aura/main.go:332.13,334.4 1 0
github.com/ivannovak/aura/cmd/aura/main.go:335.3,337.45 2 1
github.com/ivannovak/aura/cmd/aura/main.go:345.54,355.50 9 1
github.com/ivannovak/aura/cmd/aura/main.go:355.50,358.4 2 1
github.com/ivannovak/aura/cmd/aura/main.go:359.3,359.41 1 0
github.com/ivannovak/aura/cmd/aura/main.go:359.41,362.4 2 0
github.com/ivannovak/aura/cmd/aura/main.go:365.3,366.85 2 0
github.com/ivannovak/aura/cmd/aura/main.go:366.85,368.4 1 0
github.com/ivannovak/aura/cmd/aura/main.go:371.3,372.61 2 0
github.com/ivannovak/aura/cmd/aura/main.go:372.61,374.70 2 0
github.com/ivannovak/aura/cmd/aura/main.go:374.70,376.5 1 0
github.com/ivannovak/aura/cmd/aura/main.go:380.3,381.61 2 0
github.com/ivannovak/aura/cmd/aura/main.go:381.61,383.70 2 0
github.com/ivannovak/aura/cmd/aura/main.go:383.70,385.5 1 0
github.com/ivannovak/aura/cmd/aura/main.go:389.3,390.76 2 0
github.com/ivannovak/aura/cmd/aura/main.go:390.76,393.4 1 0
github.com/ivannovak/aura/cmd/aura/main.go:396.3,402.47 5 0
github.com/ivannovak/aura/cmd/aura/main.go:402.47,404.4 1 0
github.com/ivannovak/aura/cmd/aura/main.go:406.3,409.13 4 0
github.com/ivannovak/aura/cmd/aura/main.go:416.47,419.14 2 1
github.com/ivannovak/aura/cmd/aura/main.go:419.14,425.4 5 1
github.com/ivannovak/aura/cmd/aura/main.go:425.9,427.4 1 1
github.com/ivannovak/aura/cmd/aura/main.go:432.13,452.2 13 1
github.com/ivannovak/aura/cmd/aura/main.go:454.13,458.42 2 0
github.com/ivannovak/aura/cmd/aura/main.go:458.42,461.3 2 0
github.com/ivannovak/aura/cmd/aura/main.go:464.19,466.18 2 1
github.com/ivannovak/aura/cmd/aura/main.go:467.15,468.28 1 1
github.com/ivannovak/aura/cmd/aura/main.go:469.14,470.27 1 1
github.com/ivannovak/aura/cmd/aura/main.go:471.14,472.27 1 1
github.com/ivannovak/aura/cmd/aura/main.go:473.15,474.28 1 1
github.com/ivannovak/aura/cmd/aura/main.go:477.2,481.4 1 1
github.com/ivannovak/aura/cmd/aura/main.go:485.86,490.2 3 1
github.com/ivannovak/aura/cmd/aura/main.go:493.84,501.34 6 1
github.com/ivannovak/aura/cmd/aura/main.go:501.34,502.44 1 1
github.com/ivannovak/aura/cmd/aura/main.go:502.44,505.4 2 1
github.com/ivannovak/aura/cmd/aura/main.go:506.3,506.36 1 1
github.com/ivannovak/aura/cmd/aura/main.go:506.36,509.4 2 1
github.com/ivannovak/aura/cmd/aura/main.go:510.3,511.13 2 1
github.com/ivannovak/aura/cmd/aura/main.go:514.2,515.12 2 1
github.com/ivannovak/aura/cmd/aura/main.go:519.52,521.2 1 1
github.com/ivannovak/aura/cmd/aura/main.go:524.94,533.34 7 1
github.com/ivannovak/aura/cmd/aura/main.go:533.34,534.44 1 1
github.com/ivannovak/aura/cmd/aura/main.go:534.44,537.4 2 0
github.com/ivannovak/aura/cmd/aura/main.go:538.3,538.36 1 1
github.com/ivannovak/aura/cmd/aura/main.go:538.36,541.4 2 1
github.com/ivannovak/aura/cmd/aura/main.go:542.3,543.13 2 1
github.com/ivannovak/aura/cmd/aura/main.go:546.2,547.12 2 1
github.com/ivannovak/aura/cmd/aura/main.go:551.62,553.2 1 1
github.com/ivannovak/aura/cmd/aura/main.go:555.42,558.23 2 1
github.com/ivannovak/aura/cmd/aura/main.go:558.23,560.3 1 1
github.com/ivannovak/aura/cmd/aura/main.go:562.2,562.22 1 1
github.com/ivannovak/aura/cmd/aura/main.go:562.22,564.3 1 1
github.com/ivannovak/aura/cmd/aura/main.go:566.2,566.36 1 1
github.com/ivannovak/aura/cmd/aura/main.go:566.36,568.3 1 1
github.com/ivannovak/aura/cmd/aura/main.go:570.2,570.38 1 1
github.com/ivannovak/aura/cmd/aura/main.go:570.38,572.3 1 1
github.com/ivannovak/aura/cmd/aura/main.go:574.2,575.31 2 1
github.com/ivannovak/aura/cmd/aura/main.go:575.31,576.18 1 1
github.com/ivannovak/aura/cmd/aura/main.go:576.18,578.4 1 0
github.com/ivannovak/aura/cmd/aura/main.go:579.3,579.22 1 1
github.com/ivannovak/aura/cmd/aura/main.go:579.22,581.4 1 1
github.com/ivannovak/aura/cmd/aura/main.go:582.3,582.43 1 1
github.com/ivannovak/aura/cmd/aura/main.go:582.43,584.4 1 1
github.com/ivannovak/aura/cmd/aura/main.go:587.2,587.12 1 1
github.com/ivannovak/aura/cmd/aura/main.go:590.26,591.42 1 1
github.com/ivannovak/aura/cmd/aura/main.go:591.42,593.3 1 0
github.com/ivannovak/aura/cmd/aura/main.go:595.2,595.44 1 1
github.com/ivannovak/aura/cmd/aura/main.go:595.44,597.3 1 0
github.com/ivannovak/aura/cmd/aura/main.go:599.2,599.45 1 1
github.com/ivannovak/aura/cmd/aura/main.go:599.45,601.3 1 0
github.com/ivannovak/aura/cmd/aura/main.go:603.2,603.12 1 1
github.com/ivannovak/aura/cmd/aura/main.go:606.30,607.35 1 1
github.com/ivannovak/aura/cmd/aura/main.go:607.35,608.78 1 1
github.com/ivannovak/aura/cmd/aura/main.go:608.78,610.4 1 0
github.com/ivannovak/aura/cmd/aura/main.go:612.2,612.12 1 1
github.com/ivannovak/aura/cmd/aura/main.go:615.46,617.16 2 1
github.com/ivannovak/aura/cmd/aura/main.go:617.16,619.3 1 1
github.com/ivannovak/aura/cmd/aura/main.go:621.2,621.64 1 1
github.com/ivannovak/aura/cmd/aura/main.go:621.64,623.3 1 0
github.com/ivannovak/aura/cmd/aura/main.go:625.2,626.12 2 1
github.com/ivannovak/aura/cmd/aura/main.go:629.32,638.27 2 1
github.com/ivannovak/aura/cmd/aura/main.go:638.27,639.57 1 1
github.com/ivannovak/aura/cmd/aura/main.go:639.57,641.4 1 1
github.com/ivannovak/aura/cmd/aura/main.go:642.3,642.72 1 1
github.com/ivannovak/aura/cmd/aura/main.go:645.2,645.12 1 1
github.com/ivannovak/aura/cmd/aura/main.go:648.33,653.16 4 1
github.com/ivannovak/aura/cmd/aura/main.go:653.16,655.3 1 0
github.com/ivannovak/aura/cmd/aura/main.go:657.2,657.64 1 1
github.com/ivannovak/aura/cmd/aura/main.go:657.64,659.3 1 0
github.com/ivannovak/aura/cmd/aura/main.go:661.2,662.12 2 1
