mode: set
github.com/ivannovak/aura/cmd/aura/main.go:46.13,48.16 2 1
github.com/ivannovak/aura/cmd/aura/main.go:48.16,51.3 2 0
github.com/ivannovak/aura/cmd/aura/main.go:52.2,52.40 1 1
github.com/ivannovak/aura/cmd/aura/main.go:66.54,70.52 2 0
github.com/ivannovak/aura/cmd/aura/main.go:70.52,72.4 1 0
github.com/ivannovak/aura/cmd/aura/main.go:75.3,75.39 1 0
github.com/ivannovak/aura/cmd/aura/main.go:75.39,77.4 1 0
github.com/ivannovak/aura/cmd/aura/main.go:80.3,81.57 2 0
github.com/ivannovak/aura/cmd/aura/main.go:81.57,83.4 1 0
github.com/ivannovak/aura/cmd/aura/main.go:85.3,89.13 5 0
github.com/ivannovak/aura/cmd/aura/main.go:96.54,98.83 2 0
github.com/ivannovak/aura/cmd/aura/main.go:98.83,100.4 1 0
github.com/ivannovak/aura/cmd/aura/main.go:101.3,103.13 3 0
github.com/ivannovak/aura/cmd/aura/main.go:110.54,112.79 2 0
github.com/ivannovak/aura/cmd/aura/main.go:112.79,114.4 1 0
github.com/ivannovak/aura/cmd/aura/main.go:115.3,116.13 2 0
github.com/ivannovak/aura/cmd/aura/main.go:124.54,126.42 2 0
github.com/ivannovak/aura/cmd/aura/main.go:126.42,128.4 1 0
github.com/ivannovak/aura/cmd/aura/main.go:130.3,130.48 1 0
github.com/ivannovak/aura/cmd/aura/main.go:130.48,132.4 1 0
github.com/ivannovak/aura/cmd/aura/main.go:134.3,137.64 3 0
github.com/ivannovak/aura/cmd/aura/main.go:137.64,139.4 1 0
github.com/ivannovak/aura/cmd/aura/main.go:141.3,142.13 2 0
github.com/ivannovak/aura/cmd/aura/main.go:149.54,154.17 3 0
github.com/ivannovak/aura/cmd/aura/main.go:154.17,157.4 2 0
github.com/ivannovak/aura/cmd/aura/main.go:159.3,159.22 1 0
github.com/ivannovak/aura/cmd/aura/main.go:159.22,162.4 2 0
github.com/ivannovak/aura/cmd/aura/main.go:162.9,165.4 2 0
github.com/ivannovak/aura/cmd/aura/main.go:166.3,166.13 1 0
github.com/ivannovak/aura/cmd/aura/main.go:173.54,177.13 3 0
github.com/ivannovak/aura/cmd/aura/main.go:177.13,179.4 1 0
github.com/ivannovak/aura/cmd/aura/main.go:180.3,182.45 2 0
github.com/ivannovak/aura/cmd/aura/main.go:190.54,200.50 9 0
github.com/ivannovak/aura/cmd/aura/main.go:200.50,203.4 2 0
github.com/ivannovak/aura/cmd/aura/main.go:204.3,204.41 1 0
github.com/ivannovak/aura/cmd/aura/main.go:204.41,207.4 2 0
github.com/ivannovak/aura/cmd/aura/main.go:210.3,211.85 2 0
github.com/ivannovak/aura/cmd/aura/main.go:211.85,213.4 1 0
github.com/ivannovak/aura/cmd/aura/main.go:216.3,217.61 2 0
github.com/ivannovak/aura/cmd/aura/main.go:217.61,219.70 2 0
github.com/ivannovak/aura/cmd/aura/main.go:219.70,221.5 1 0
github.com/ivannovak/aura/cmd/aura/main.go:225.3,226.61 2 0
github.com/ivannovak/aura/cmd/aura/main.go:226.61,228.70 2 0
github.com/ivannovak/aura/cmd/aura/main.go:228.70,230.5 1 0
github.com/ivannovak/aura/cmd/aura/main.go:234.3,235.77 2 0
github.com/ivannovak/aura/cmd/aura/main.go:235.77,238.4 1 0
github.com/ivannovak/aura/cmd/aura/main.go:241.3,247.47 5 0
github.com/ivannovak/aura/cmd/aura/main.go:247.47,249.4 1 0
github.com/ivannovak/aura/cmd/aura/main.go:251.3,254.13 4 0
github.com/ivannovak/aura/cmd/aura/main.go:261.47,264.14 2 0
github.com/ivannovak/aura/cmd/aura/main.go:264.14,270.4 5 0
github.com/ivannovak/aura/cmd/aura/main.go:270.9,272.4 1 0
github.com/ivannovak/aura/cmd/aura/main.go:277.13,291.2 11 1
github.com/ivannovak/aura/cmd/aura/main.go:293.13,294.42 1 0
github.com/ivannovak/aura/cmd/aura/main.go:294.42,296.3 1 0
github.com/ivannovak/aura/cmd/aura/main.go:299.52,305.2 5 0
github.com/ivannovak/aura/cmd/aura/main.go:307.62,314.2 6 0
github.com/ivannovak/aura/cmd/aura/main.go:316.42,319.23 2 1
github.com/ivannovak/aura/cmd/aura/main.go:319.23,321.3 1 1
github.com/ivannovak/aura/cmd/aura/main.go:323.2,323.22 1 1
github.com/ivannovak/aura/cmd/aura/main.go:323.22,325.3 1 1
github.com/ivannovak/aura/cmd/aura/main.go:327.2,327.36 1 1
github.com/ivannovak/aura/cmd/aura/main.go:327.36,329.3 1 1
github.com/ivannovak/aura/cmd/aura/main.go:331.2,331.38 1 1
github.com/ivannovak/aura/cmd/aura/main.go:331.38,333.3 1 1
github.com/ivannovak/aura/cmd/aura/main.go:335.2,336.31 2 1
github.com/ivannovak/aura/cmd/aura/main.go:336.31,337.22 1 1
github.com/ivannovak/aura/cmd/aura/main.go:337.22,339.4 1 0
github.com/ivannovak/aura/cmd/aura/main.go:340.3,340.22 1 1
github.com/ivannovak/aura/cmd/aura/main.go:340.22,342.4 1 1
github.com/ivannovak/aura/cmd/aura/main.go:343.3,343.43 1 1
github.com/ivannovak/aura/cmd/aura/main.go:343.43,345.4 1 1
github.com/ivannovak/aura/cmd/aura/main.go:348.2,348.12 1 1
github.com/ivannovak/aura/cmd/aura/main.go:351.26,364.29 2 0
github.com/ivannovak/aura/cmd/aura/main.go:364.29,366.17 2 0
github.com/ivannovak/aura/cmd/aura/main.go:366.17,368.4 1 0
github.com/ivannovak/aura/cmd/aura/main.go:370.3,371.55 2 0
github.com/ivannovak/aura/cmd/aura/main.go:371.55,373.4 1 0
github.com/ivannovak/aura/cmd/aura/main.go:377.2,377.86 1 0
github.com/ivannovak/aura/cmd/aura/main.go:377.86,379.3 1 0
github.com/ivannovak/aura/cmd/aura/main.go:380.2,380.77 1 0
github.com/ivannovak/aura/cmd/aura/main.go:380.77,382.3 1 0
github.com/ivannovak/aura/cmd/aura/main.go:385.2,386.16 2 0
github.com/ivannovak/aura/cmd/aura/main.go:386.16,388.3 1 0
github.com/ivannovak/aura/cmd/aura/main.go:390.2,391.70 2 0
github.com/ivannovak/aura/cmd/aura/main.go:391.70,393.3 1 0
github.com/ivannovak/aura/cmd/aura/main.go:395.2,395.12 1 0
github.com/ivannovak/aura/pkg/version/version.go:15.27,18.2 1 1
